{
  "scope": "Node.js model only; JSON file I/O, indexing, filtering and layout. No actual browser, canvas pixels, animation or interaction latency measured.",
  "cases": 75,
  "nodes": 20201,
  "edges": 64978,
  "types": 76,
  "relations": 152,
  "duplicate_id_conflicts": 0,
  "dangling": 0,
  "selected_nodes": 480,
  "selected_edges": 669,
  "omitted_nodes": 19721,
  "boundary_edges": 6567,
  "timing_ms": {
    "json_load_parse": 853,
    "index": 195,
    "query_and_layout": 43,
    "total": 1091
  },
  "memory_mb": {
    "rss": 534,
    "heap_used": 405
  },
  "graph_sha256": "900f9d725b220727b66609bc31bb9e448f92177959c4b07b0ecb4a5f9d0026de"
}
