test_absent_identity_never_proves_equivalence (test_contract_acceptance.ContractAcceptance.test_absent_identity_never_proves_equivalence) ... ok
test_argument_direction_profiles_are_not_casefolded (test_contract_acceptance.ContractAcceptance.test_argument_direction_profiles_are_not_casefolded) ... ok
test_definition_equal_explicit_semantics_can_merge (test_contract_acceptance.ContractAcceptance.test_definition_equal_explicit_semantics_can_merge) ... ok
test_definition_near_misses_never_merge (test_contract_acceptance.ContractAcceptance.test_definition_near_misses_never_merge) ... ok
test_exact_lifecycle_reference_includes_all_axes_without_coercion (test_contract_acceptance.ContractAcceptance.test_exact_lifecycle_reference_includes_all_axes_without_coercion) ... ok
test_json_values_are_type_strict (test_contract_acceptance.ContractAcceptance.test_json_values_are_type_strict) ... ok
test_missing_or_null_revision_never_proves_equivalence (test_contract_acceptance.ContractAcceptance.test_missing_or_null_revision_never_proves_equivalence) ... ok
test_runtime_and_definition_admission_relations_differ (test_contract_acceptance.ContractAcceptance.test_runtime_and_definition_admission_relations_differ) ... ok
test_state_fact_and_definition_attempt_kinds_are_distinct (test_contract_acceptance.ContractAcceptance.test_state_fact_and_definition_attempt_kinds_are_distinct) ... ok
test_unknown_relation_is_not_truth_or_permission (test_contract_acceptance.ContractAcceptance.test_unknown_relation_is_not_truth_or_permission) ... ok
test_false_and_unknown_string_are_distinct_from_null (test_projection_acceptance.ProjectionAcceptance.test_false_and_unknown_string_are_distinct_from_null) ... ok
test_json_null_is_structural_not_semantic_unknown (test_projection_acceptance.ProjectionAcceptance.test_json_null_is_structural_not_semantic_unknown) ... ok
test_missing_value_is_not_fabricated_null (test_projection_acceptance.ProjectionAcceptance.test_missing_value_is_not_fabricated_null) ... ok
test_complete_exact_ref_required_for_exact_identity_query (test_query_acceptance.QueryAcceptance.test_complete_exact_ref_required_for_exact_identity_query) ... ok
test_conflicting_type_values_never_last_arrival_win (test_query_acceptance.QueryAcceptance.test_conflicting_type_values_never_last_arrival_win) ... ok
test_exact_nanoseconds_never_float (test_query_acceptance.QueryAcceptance.test_exact_nanoseconds_never_float) ... ok
test_explicit_false_value_survives_without_becoming_unknown (test_query_acceptance.QueryAcceptance.test_explicit_false_value_survives_without_becoming_unknown) ... ok
test_generation_and_epoch_type_changes_do_not_match (test_query_acceptance.QueryAcceptance.test_generation_and_epoch_type_changes_do_not_match) ... ok
test_invalid_exact_reference_is_unknown_even_if_both_sides_match (test_query_acceptance.QueryAcceptance.test_invalid_exact_reference_is_unknown_even_if_both_sides_match) ... ok
test_malformed_time_produces_unknown_without_exception (test_query_acceptance.QueryAcceptance.test_malformed_time_produces_unknown_without_exception) ... ok
test_missing_null_unknown_are_not_false (test_query_acceptance.QueryAcceptance.test_missing_null_unknown_are_not_false) ... ok
test_missing_value_end_or_clock_is_unknown (test_query_acceptance.QueryAcceptance.test_missing_value_end_or_clock_is_unknown) ... ok
test_stale_future_and_late_arrivals_are_unknown (test_query_acceptance.QueryAcceptance.test_stale_future_and_late_arrivals_are_unknown) ... ok
test_unknown_conjunction_does_not_assert_truth (test_query_acceptance.QueryAcceptance.test_unknown_conjunction_does_not_assert_truth) ... ok
test_alias_snapshot_hash_is_verified (test_reconstruction_acceptance.ReconstructionAcceptance.test_alias_snapshot_hash_is_verified) ... ok
test_explicit_null_and_false_are_distinct (test_reconstruction_acceptance.ReconstructionAcceptance.test_explicit_null_and_false_are_distinct) ... ok
test_missing_pointer_is_rejected (test_reconstruction_acceptance.ReconstructionAcceptance.test_missing_pointer_is_rejected) ... ok
test_pointer_escaping_and_ordered_literal_types_roundtrip (test_reconstruction_acceptance.ReconstructionAcceptance.test_pointer_escaping_and_ordered_literal_types_roundtrip) ... ok
test_recover_artifact_is_byte_exact (test_reconstruction_acceptance.ReconstructionAcceptance.test_recover_artifact_is_byte_exact) ... ok
test_tampered_alias_digest_is_rejected (test_reconstruction_acceptance.ReconstructionAcceptance.test_tampered_alias_digest_is_rejected) ... ok
test_tampered_snapshot_is_rejected (test_reconstruction_acceptance.ReconstructionAcceptance.test_tampered_snapshot_is_rejected) ... ok

----------------------------------------------------------------------
Ran 31 tests in 0.003s

OK
